# vsim -c -L C:/questasim64_10.7c/uvm-1.2 -nodpiexports -wlf waves/vsim.wlf work.top -coverage -vopt -voptargs="+acc" -sva -l logs/smoke_sim.log -do "coverage save -onexit -assert -directive -cvg -codeAll coverage/ucdb/smoke.ucdb; run -all; quit -f" "+UVM_TESTNAME=fifo_smoke_test" 
# Start time: 15:40:07 on Apr 22,2026
# ** Note: (vsim-3812) Design is being optimized...
# //  Questa Sim-64
# //  Version 10.7c win64 Aug 18 2018
# //
# //  Copyright 1991-2018 Mentor Graphics Corporation
# //  All Rights Reserved.
# //
# //  QuestaSim and its associated documentation contain trade
# //  secrets and commercial or financial information that are the property of
# //  Mentor Graphics Corporation and are privileged, confidential,
# //  and exempt from disclosure under the Freedom of Information Act,
# //  5 U.S.C. Section 552. Furthermore, this information
# //  is prohibited from disclosure under the Trade Secrets Act,
# //  18 U.S.C. Section 1905.
# //
# Loading sv_std.std
# Loading work.fifo_interface(fast)
# Loading C:/questasim64_10.7c/uvm-1.2.uvm_pkg
# Loading work.fifo_pkg(fast)
# Loading work.top(fast)
# Loading work.fifo_interface(fast)
# Loading work.fifo_top(fast)
# Loading C:/questasim64_10.7c/uvm-1.2.questa_uvm_pkg(fast)
# Loading C:/questasim64_10.7c/uvm-1.2\win64\uvm_dpi.dll
# coverage save -onexit -assert -directive -cvg -codeAll coverage/ucdb/smoke.ucdb
#  run -all
# UVM_INFO verilog_src/uvm-1.2/src/base/uvm_root.svh(392) @ 0: reporter [UVM/RELNOTES] 
# ----------------------------------------------------------------
# UVM-1.2
# (C) 2007-2014 Mentor Graphics Corporation
# (C) 2007-2014 Cadence Design Systems, Inc.
# (C) 2006-2014 Synopsys, Inc.
# (C) 2011-2013 Cypress Semiconductor Corp.
# (C) 2013-2014 NVIDIA Corporation
# ----------------------------------------------------------------
# 
#   ***********       IMPORTANT RELEASE NOTES         ************
# 
#   You are using a version of the UVM library that has been compiled
#   with `UVM_NO_DEPRECATED undefined.
#   See http://www.eda.org/svdb/view.php?id=3313 for more details.
# 
#   You are using a version of the UVM library that has been compiled
#   with `UVM_OBJECT_DO_NOT_NEED_CONSTRUCTOR undefined.
#   See http://www.eda.org/svdb/view.php?id=3770 for more details.
# 
#       (Specify +UVM_NO_RELNOTES to turn off this notice)
# 
# UVM_INFO verilog_src/questa_uvm_pkg-1.2/src/questa_uvm_pkg.sv(215) @ 0: reporter [Questa UVM] QUESTA_UVM-1.2.3
# UVM_INFO verilog_src/questa_uvm_pkg-1.2/src/questa_uvm_pkg.sv(216) @ 0: reporter [Questa UVM]  questa_uvm::init(+struct)
# UVM_INFO @ 0: reporter [RNTST] Running test fifo_smoke_test...
# UVM_INFO ../tb/agent/write_drv.sv(33) @ 0: uvm_test_top.env_h.agent_h.driver_h [FIFO_DRV] Driver transaction[1]
# +----------+-------+-----+----+-----+----+----+--------+--------+------+------+------+------+------+------+--------+--------+
# | SRC      | IDX   | RST | CS | REG | WR | RD | ADDR   | DATAIN | FULL | EMPTY| ALMF | ALME | OVFL | UDFL | DOUT   | RDATA  |
# +----------+-------+-----+----+-----+----+----+--------+--------+------+------+------+------+------+------+--------+--------+
# | DRV      | 1     |  0  | 0  |  0  | 0  | 0  | 0x00   | 0x00   |  0   |   0  |  0   |  0   |  0   |  0   | 0x00   | 0x00   |
# +----------+-------+-----+----+-----+----+----+--------+--------+------+------+------+------+------+------+--------+--------+
# UVM_INFO ../tb/env/reference_model.sv(158) @ 5000: reporter [FIFO_REF] Reference model transaction[1]
# +----------+-------+-----+----+-----+----+----+--------+--------+------+------+------+------+------+------+--------+--------+
# | SRC      | IDX   | RST | CS | REG | WR | RD | ADDR   | DATAIN | FULL | EMPTY| ALMF | ALME | OVFL | UDFL | DOUT   | RDATA  |
# +----------+-------+-----+----+-----+----+----+--------+--------+------+------+------+------+------+------+--------+--------+
# | REF_IN   | 1     |  0  | 0  |  0  | 0  | 0  | 0x00   | 0x00   |  0   |   1  |  0   |  1   |  0   |  0   | 0x00   | 0x00   |
# | REF_OUT  | 1     |  0  | 0  |  0  | 0  | 0  | 0x00   | 0x00   |  0   |   1  |  0   |  1   |  0   |  0   | 0x00   | 0x00   |
# +----------+-------+-----+----+-----+----+----+--------+--------+------+------+------+------+------+------+--------+--------+
# State: old_occ=0 new_occ=0 af=12 ae=4 fill=0 clr_pulse=0
# UVM_INFO ../tb/env/scoreboard.sv(71) @ 5000: uvm_test_top.env_h.scoreboard_h [FIFO_SB_CMP] Scoreboard compare[1]
# +----------+-------+-----+----+-----+----+----+--------+--------+------+------+------+------+------+------+--------+--------+
# | SRC      | IDX   | RST | CS | REG | WR | RD | ADDR   | DATAIN | FULL | EMPTY| ALMF | ALME | OVFL | UDFL | DOUT   | RDATA  |
# +----------+-------+-----+----+-----+----+----+--------+--------+------+------+------+------+------+------+--------+--------+
# | OBS      | 1     |  0  | 0  |  0  | 0  | 0  | 0x00   | 0x00   |  0   |   1  |  0   |  1   |  0   |  0   | 0x00   | 0x00   |
# | EXP      | 1     |  0  | 0  |  0  | 0  | 0  | 0x00   | 0x00   |  0   |   1  |  0   |  1   |  0   |  0   | 0x00   | 0x00   |
# +----------+-------+-----+----+-----+----+----+--------+--------+------+------+------+------+------+------+--------+--------+
# Result: PASS | pass_count=1 fail_count=0
# UVM_INFO ../tb/agent/read_monitor.sv(44) @ 5000: uvm_test_top.env_h.agent_h.monitor_h [FIFO_MON] Monitor transaction[1]
# +----------+-------+-----+----+-----+----+----+--------+--------+------+------+------+------+------+------+--------+--------+
# | SRC      | IDX   | RST | CS | REG | WR | RD | ADDR   | DATAIN | FULL | EMPTY| ALMF | ALME | OVFL | UDFL | DOUT   | RDATA  |
# +----------+-------+-----+----+-----+----+----+--------+--------+------+------+------+------+------+------+--------+--------+
# | MON      | 1     |  0  | 0  |  0  | 0  | 0  | 0x00   | 0x00   |  0   |   1  |  0   |  1   |  0   |  0   | 0x00   | 0x00   |
# +----------+-------+-----+----+-----+----+----+--------+--------+------+------+------+------+------+------+--------+--------+
# UVM_INFO ../tb/agent/write_drv.sv(33) @ 10000: uvm_test_top.env_h.agent_h.driver_h [FIFO_DRV] Driver transaction[2]
# +----------+-------+-----+----+-----+----+----+--------+--------+------+------+------+------+------+------+--------+--------+
# | SRC      | IDX   | RST | CS | REG | WR | RD | ADDR   | DATAIN | FULL | EMPTY| ALMF | ALME | OVFL | UDFL | DOUT   | RDATA  |
# +----------+-------+-----+----+-----+----+----+--------+--------+------+------+------+------+------+------+--------+--------+
# | DRV      | 2     |  0  | 0  |  0  | 0  | 0  | 0x00   | 0x00   |  0   |   0  |  0   |  0   |  0   |  0   | 0x00   | 0x00   |
# +----------+-------+-----+----+-----+----+----+--------+--------+------+------+------+------+------+------+--------+--------+
# UVM_INFO ../tb/env/reference_model.sv(158) @ 15000: reporter [FIFO_REF] Reference model transaction[2]
# +----------+-------+-----+----+-----+----+----+--------+--------+------+------+------+------+------+------+--------+--------+
# | SRC      | IDX   | RST | CS | REG | WR | RD | ADDR   | DATAIN | FULL | EMPTY| ALMF | ALME | OVFL | UDFL | DOUT   | RDATA  |
# +----------+-------+-----+----+-----+----+----+--------+--------+------+------+------+------+------+------+--------+--------+
# | REF_IN   | 2     |  0  | 0  |  0  | 0  | 0  | 0x00   | 0x00   |  0   |   1  |  0   |  1   |  0   |  0   | 0x00   | 0x00   |
# | REF_OUT  | 2     |  0  | 0  |  0  | 0  | 0  | 0x00   | 0x00   |  0   |   1  |  0   |  1   |  0   |  0   | 0x00   | 0x00   |
# +----------+-------+-----+----+-----+----+----+--------+--------+------+------+------+------+------+------+--------+--------+
# State: old_occ=0 new_occ=0 af=12 ae=4 fill=0 clr_pulse=0
# UVM_INFO ../tb/env/scoreboard.sv(71) @ 15000: uvm_test_top.env_h.scoreboard_h [FIFO_SB_CMP] Scoreboard compare[2]
# +----------+-------+-----+----+-----+----+----+--------+--------+------+------+------+------+------+------+--------+--------+
# | SRC      | IDX   | RST | CS | REG | WR | RD | ADDR   | DATAIN | FULL | EMPTY| ALMF | ALME | OVFL | UDFL | DOUT   | RDATA  |
# +----------+-------+-----+----+-----+----+----+--------+--------+------+------+------+------+------+------+--------+--------+
# | OBS      | 2     |  0  | 0  |  0  | 0  | 0  | 0x00   | 0x00   |  0   |   1  |  0   |  1   |  0   |  0   | 0x00   | 0x00   |
# | EXP      | 2     |  0  | 0  |  0  | 0  | 0  | 0x00   | 0x00   |  0   |   1  |  0   |  1   |  0   |  0   | 0x00   | 0x00   |
# +----------+-------+-----+----+-----+----+----+--------+--------+------+------+------+------+------+------+--------+--------+
# Result: PASS | pass_count=2 fail_count=0
# UVM_INFO ../tb/agent/read_monitor.sv(44) @ 15000: uvm_test_top.env_h.agent_h.monitor_h [FIFO_MON] Monitor transaction[2]
# +----------+-------+-----+----+-----+----+----+--------+--------+------+------+------+------+------+------+--------+--------+
# | SRC      | IDX   | RST | CS | REG | WR | RD | ADDR   | DATAIN | FULL | EMPTY| ALMF | ALME | OVFL | UDFL | DOUT   | RDATA  |
# +----------+-------+-----+----+-----+----+----+--------+--------+------+------+------+------+------+------+--------+--------+
# | MON      | 2     |  0  | 0  |  0  | 0  | 0  | 0x00   | 0x00   |  0   |   1  |  0   |  1   |  0   |  0   | 0x00   | 0x00   |
# +----------+-------+-----+----+-----+----+----+--------+--------+------+------+------+------+------+------+--------+--------+
# UVM_INFO ../tb/agent/write_drv.sv(33) @ 20000: uvm_test_top.env_h.agent_h.driver_h [FIFO_DRV] Driver transaction[3]
# +----------+-------+-----+----+-----+----+----+--------+--------+------+------+------+------+------+------+--------+--------+
# | SRC      | IDX   | RST | CS | REG | WR | RD | ADDR   | DATAIN | FULL | EMPTY| ALMF | ALME | OVFL | UDFL | DOUT   | RDATA  |
# +----------+-------+-----+----+-----+----+----+--------+--------+------+------+------+------+------+------+--------+--------+
# | DRV      | 3     |  0  | 0  |  0  | 0  | 0  | 0x00   | 0x00   |  0   |   0  |  0   |  0   |  0   |  0   | 0x00   | 0x00   |
# +----------+-------+-----+----+-----+----+----+--------+--------+------+------+------+------+------+------+--------+--------+
# UVM_INFO ../tb/env/reference_model.sv(158) @ 25000: reporter [FIFO_REF] Reference model transaction[3]
# +----------+-------+-----+----+-----+----+----+--------+--------+------+------+------+------+------+------+--------+--------+
# | SRC      | IDX   | RST | CS | REG | WR | RD | ADDR   | DATAIN | FULL | EMPTY| ALMF | ALME | OVFL | UDFL | DOUT   | RDATA  |
# +----------+-------+-----+----+-----+----+----+--------+--------+------+------+------+------+------+------+--------+--------+
# | REF_IN   | 3     |  0  | 0  |  0  | 0  | 0  | 0x00   | 0x00   |  0   |   1  |  0   |  1   |  0   |  0   | 0x00   | 0x00   |
# | REF_OUT  | 3     |  0  | 0  |  0  | 0  | 0  | 0x00   | 0x00   |  0   |   1  |  0   |  1   |  0   |  0   | 0x00   | 0x00   |
# +----------+-------+-----+----+-----+----+----+--------+--------+------+------+------+------+------+------+--------+--------+
# State: old_occ=0 new_occ=0 af=12 ae=4 fill=0 clr_pulse=0
# UVM_INFO ../tb/env/scoreboard.sv(71) @ 25000: uvm_test_top.env_h.scoreboard_h [FIFO_SB_CMP] Scoreboard compare[3]
# +----------+-------+-----+----+-----+----+----+--------+--------+------+------+------+------+------+------+--------+--------+
# | SRC      | IDX   | RST | CS | REG | WR | RD | ADDR   | DATAIN | FULL | EMPTY| ALMF | ALME | OVFL | UDFL | DOUT   | RDATA  |
# +----------+-------+-----+----+-----+----+----+--------+--------+------+------+------+------+------+------+--------+--------+
# | OBS      | 3     |  0  | 0  |  0  | 0  | 0  | 0x00   | 0x00   |  0   |   1  |  0   |  1   |  0   |  0   | 0x00   | 0x00   |
# | EXP      | 3     |  0  | 0  |  0  | 0  | 0  | 0x00   | 0x00   |  0   |   1  |  0   |  1   |  0   |  0   | 0x00   | 0x00   |
# +----------+-------+-----+----+-----+----+----+--------+--------+------+------+------+------+------+------+--------+--------+
# Result: PASS | pass_count=3 fail_count=0
# UVM_INFO ../tb/agent/read_monitor.sv(44) @ 25000: uvm_test_top.env_h.agent_h.monitor_h [FIFO_MON] Monitor transaction[3]
# +----------+-------+-----+----+-----+----+----+--------+--------+------+------+------+------+------+------+--------+--------+
# | SRC      | IDX   | RST | CS | REG | WR | RD | ADDR   | DATAIN | FULL | EMPTY| ALMF | ALME | OVFL | UDFL | DOUT   | RDATA  |
# +----------+-------+-----+----+-----+----+----+--------+--------+------+------+------+------+------+------+--------+--------+
# | MON      | 3     |  0  | 0  |  0  | 0  | 0  | 0x00   | 0x00   |  0   |   1  |  0   |  1   |  0   |  0   | 0x00   | 0x00   |
# +----------+-------+-----+----+-----+----+----+--------+--------+------+------+------+------+------+------+--------+--------+
# UVM_INFO ../tb/agent/write_drv.sv(33) @ 30000: uvm_test_top.env_h.agent_h.driver_h [FIFO_DRV] Driver transaction[4]
# +----------+-------+-----+----+-----+----+----+--------+--------+------+------+------+------+------+------+--------+--------+
# | SRC      | IDX   | RST | CS | REG | WR | RD | ADDR   | DATAIN | FULL | EMPTY| ALMF | ALME | OVFL | UDFL | DOUT   | RDATA  |
# +----------+-------+-----+----+-----+----+----+--------+--------+------+------+------+------+------+------+--------+--------+
# | DRV      | 4     |  1  | 0  |  0  | 0  | 0  | 0x00   | 0x00   |  0   |   0  |  0   |  0   |  0   |  0   | 0x00   | 0x00   |
# +----------+-------+-----+----+-----+----+----+--------+--------+------+------+------+------+------+------+--------+--------+
# UVM_INFO ../tb/env/reference_model.sv(158) @ 35000: reporter [FIFO_REF] Reference model transaction[4]
# +----------+-------+-----+----+-----+----+----+--------+--------+------+------+------+------+------+------+--------+--------+
# | SRC      | IDX   | RST | CS | REG | WR | RD | ADDR   | DATAIN | FULL | EMPTY| ALMF | ALME | OVFL | UDFL | DOUT   | RDATA  |
# +----------+-------+-----+----+-----+----+----+--------+--------+------+------+------+------+------+------+--------+--------+
# | REF_IN   | 4     |  1  | 0  |  0  | 0  | 0  | 0x00   | 0x00   |  0   |   1  |  0   |  1   |  0   |  0   | 0x00   | 0x00   |
# | REF_OUT  | 4     |  1  | 0  |  0  | 0  | 0  | 0x00   | 0x00   |  0   |   1  |  0   |  1   |  0   |  0   | 0x00   | 0x00   |
# +----------+-------+-----+----+-----+----+----+--------+--------+------+------+------+------+------+------+--------+--------+
# State: old_occ=0 new_occ=0 af=12 ae=4 fill=0 clr_pulse=0
# UVM_INFO ../tb/env/scoreboard.sv(71) @ 35000: uvm_test_top.env_h.scoreboard_h [FIFO_SB_CMP] Scoreboard compare[4]
# +----------+-------+-----+----+-----+----+----+--------+--------+------+------+------+------+------+------+--------+--------+
# | SRC      | IDX   | RST | CS | REG | WR | RD | ADDR   | DATAIN | FULL | EMPTY| ALMF | ALME | OVFL | UDFL | DOUT   | RDATA  |
# +----------+-------+-----+----+-----+----+----+--------+--------+------+------+------+------+------+------+--------+--------+
# | OBS      | 4     |  1  | 0  |  0  | 0  | 0  | 0x00   | 0x00   |  0   |   1  |  0   |  1   |  0   |  0   | 0x00   | 0x00   |
# | EXP      | 4     |  1  | 0  |  0  | 0  | 0  | 0x00   | 0x00   |  0   |   1  |  0   |  1   |  0   |  0   | 0x00   | 0x00   |
# +----------+-------+-----+----+-----+----+----+--------+--------+------+------+------+------+------+------+--------+--------+
# Result: PASS | pass_count=4 fail_count=0
# UVM_INFO ../tb/agent/read_monitor.sv(44) @ 35000: uvm_test_top.env_h.agent_h.monitor_h [FIFO_MON] Monitor transaction[4]
# +----------+-------+-----+----+-----+----+----+--------+--------+------+------+------+------+------+------+--------+--------+
# | SRC      | IDX   | RST | CS | REG | WR | RD | ADDR   | DATAIN | FULL | EMPTY| ALMF | ALME | OVFL | UDFL | DOUT   | RDATA  |
# +----------+-------+-----+----+-----+----+----+--------+--------+------+------+------+------+------+------+--------+--------+
# | MON      | 4     |  1  | 0  |  0  | 0  | 0  | 0x00   | 0x00   |  0   |   1  |  0   |  1   |  0   |  0   | 0x00   | 0x00   |
# +----------+-------+-----+----+-----+----+----+--------+--------+------+------+------+------+------+------+--------+--------+
# UVM_INFO ../tb/agent/write_drv.sv(33) @ 40000: uvm_test_top.env_h.agent_h.driver_h [FIFO_DRV] Driver transaction[5]
# +----------+-------+-----+----+-----+----+----+--------+--------+------+------+------+------+------+------+--------+--------+
# | SRC      | IDX   | RST | CS | REG | WR | RD | ADDR   | DATAIN | FULL | EMPTY| ALMF | ALME | OVFL | UDFL | DOUT   | RDATA  |
# +----------+-------+-----+----+-----+----+----+--------+--------+------+------+------+------+------+------+--------+--------+
# | DRV      | 5     |  1  | 1  |  0  | 1  | 0  | 0x00   | 0x11   |  0   |   0  |  0   |  0   |  0   |  0   | 0x00   | 0x00   |
# +----------+-------+-----+----+-----+----+----+--------+--------+------+------+------+------+------+------+--------+--------+
# UVM_INFO ../tb/env/reference_model.sv(158) @ 45000: reporter [FIFO_REF] Reference model transaction[5]
# +----------+-------+-----+----+-----+----+----+--------+--------+------+------+------+------+------+------+--------+--------+
# | SRC      | IDX   | RST | CS | REG | WR | RD | ADDR   | DATAIN | FULL | EMPTY| ALMF | ALME | OVFL | UDFL | DOUT   | RDATA  |
# +----------+-------+-----+----+-----+----+----+--------+--------+------+------+------+------+------+------+--------+--------+
# | REF_IN   | 5     |  1  | 1  |  0  | 1  | 0  | 0x00   | 0x11   |  0   |   0  |  0   |  1   |  0   |  0   | 0x00   | 0x00   |
# | REF_OUT  | 5     |  1  | 1  |  0  | 1  | 0  | 0x00   | 0x11   |  0   |   0  |  0   |  1   |  0   |  0   | 0x00   | 0x00   |
# +----------+-------+-----+----+-----+----+----+--------+--------+------+------+------+------+------+------+--------+--------+
# State: old_occ=0 new_occ=1 af=12 ae=4 fill=0 clr_pulse=0
# UVM_INFO ../tb/env/scoreboard.sv(71) @ 45000: uvm_test_top.env_h.scoreboard_h [FIFO_SB_CMP] Scoreboard compare[5]
# +----------+-------+-----+----+-----+----+----+--------+--------+------+------+------+------+------+------+--------+--------+
# | SRC      | IDX   | RST | CS | REG | WR | RD | ADDR   | DATAIN | FULL | EMPTY| ALMF | ALME | OVFL | UDFL | DOUT   | RDATA  |
# +----------+-------+-----+----+-----+----+----+--------+--------+------+------+------+------+------+------+--------+--------+
# | OBS      | 5     |  1  | 1  |  0  | 1  | 0  | 0x00   | 0x11   |  0   |   0  |  0   |  1   |  0   |  0   | 0x00   | 0x00   |
# | EXP      | 5     |  1  | 1  |  0  | 1  | 0  | 0x00   | 0x11   |  0   |   0  |  0   |  1   |  0   |  0   | 0x00   | 0x00   |
# +----------+-------+-----+----+-----+----+----+--------+--------+------+------+------+------+------+------+--------+--------+
# Result: PASS | pass_count=5 fail_count=0
# UVM_INFO ../tb/agent/read_monitor.sv(44) @ 45000: uvm_test_top.env_h.agent_h.monitor_h [FIFO_MON] Monitor transaction[5]
# +----------+-------+-----+----+-----+----+----+--------+--------+------+------+------+------+------+------+--------+--------+
# | SRC      | IDX   | RST | CS | REG | WR | RD | ADDR   | DATAIN | FULL | EMPTY| ALMF | ALME | OVFL | UDFL | DOUT   | RDATA  |
# +----------+-------+-----+----+-----+----+----+--------+--------+------+------+------+------+------+------+--------+--------+
# | MON      | 5     |  1  | 1  |  0  | 1  | 0  | 0x00   | 0x11   |  0   |   0  |  0   |  1   |  0   |  0   | 0x00   | 0x00   |
# +----------+-------+-----+----+-----+----+----+--------+--------+------+------+------+------+------+------+--------+--------+
# UVM_INFO ../tb/agent/write_drv.sv(33) @ 50000: uvm_test_top.env_h.agent_h.driver_h [FIFO_DRV] Driver transaction[6]
# +----------+-------+-----+----+-----+----+----+--------+--------+------+------+------+------+------+------+--------+--------+
# | SRC      | IDX   | RST | CS | REG | WR | RD | ADDR   | DATAIN | FULL | EMPTY| ALMF | ALME | OVFL | UDFL | DOUT   | RDATA  |
# +----------+-------+-----+----+-----+----+----+--------+--------+------+------+------+------+------+------+--------+--------+
# | DRV      | 6     |  1  | 1  |  0  | 1  | 0  | 0x00   | 0x22   |  0   |   0  |  0   |  0   |  0   |  0   | 0x00   | 0x00   |
# +----------+-------+-----+----+-----+----+----+--------+--------+------+------+------+------+------+------+--------+--------+
# UVM_INFO ../tb/env/reference_model.sv(158) @ 55000: reporter [FIFO_REF] Reference model transaction[6]
# +----------+-------+-----+----+-----+----+----+--------+--------+------+------+------+------+------+------+--------+--------+
# | SRC      | IDX   | RST | CS | REG | WR | RD | ADDR   | DATAIN | FULL | EMPTY| ALMF | ALME | OVFL | UDFL | DOUT   | RDATA  |
# +----------+-------+-----+----+-----+----+----+--------+--------+------+------+------+------+------+------+--------+--------+
# | REF_IN   | 6     |  1  | 1  |  0  | 1  | 0  | 0x00   | 0x22   |  0   |   0  |  0   |  1   |  0   |  0   | 0x00   | 0x00   |
# | REF_OUT  | 6     |  1  | 1  |  0  | 1  | 0  | 0x00   | 0x22   |  0   |   0  |  0   |  1   |  0   |  0   | 0x00   | 0x00   |
# +----------+-------+-----+----+-----+----+----+--------+--------+------+------+------+------+------+------+--------+--------+
# State: old_occ=1 new_occ=2 af=12 ae=4 fill=1 clr_pulse=0
# UVM_INFO ../tb/env/scoreboard.sv(71) @ 55000: uvm_test_top.env_h.scoreboard_h [FIFO_SB_CMP] Scoreboard compare[6]
# +----------+-------+-----+----+-----+----+----+--------+--------+------+------+------+------+------+------+--------+--------+
# | SRC      | IDX   | RST | CS | REG | WR | RD | ADDR   | DATAIN | FULL | EMPTY| ALMF | ALME | OVFL | UDFL | DOUT   | RDATA  |
# +----------+-------+-----+----+-----+----+----+--------+--------+------+------+------+------+------+------+--------+--------+
# | OBS      | 6     |  1  | 1  |  0  | 1  | 0  | 0x00   | 0x22   |  0   |   0  |  0   |  1   |  0   |  0   | 0x00   | 0x00   |
# | EXP      | 6     |  1  | 1  |  0  | 1  | 0  | 0x00   | 0x22   |  0   |   0  |  0   |  1   |  0   |  0   | 0x00   | 0x00   |
# +----------+-------+-----+----+-----+----+----+--------+--------+------+------+------+------+------+------+--------+--------+
# Result: PASS | pass_count=6 fail_count=0
# UVM_INFO ../tb/agent/read_monitor.sv(44) @ 55000: uvm_test_top.env_h.agent_h.monitor_h [FIFO_MON] Monitor transaction[6]
# +----------+-------+-----+----+-----+----+----+--------+--------+------+------+------+------+------+------+--------+--------+
# | SRC      | IDX   | RST | CS | REG | WR | RD | ADDR   | DATAIN | FULL | EMPTY| ALMF | ALME | OVFL | UDFL | DOUT   | RDATA  |
# +----------+-------+-----+----+-----+----+----+--------+--------+------+------+------+------+------+------+--------+--------+
# | MON      | 6     |  1  | 1  |  0  | 1  | 0  | 0x00   | 0x22   |  0   |   0  |  0   |  1   |  0   |  0   | 0x00   | 0x00   |
# +----------+-------+-----+----+-----+----+----+--------+--------+------+------+------+------+------+------+--------+--------+
# UVM_INFO ../tb/agent/write_drv.sv(33) @ 60000: uvm_test_top.env_h.agent_h.driver_h [FIFO_DRV] Driver transaction[7]
# +----------+-------+-----+----+-----+----+----+--------+--------+------+------+------+------+------+------+--------+--------+
# | SRC      | IDX   | RST | CS | REG | WR | RD | ADDR   | DATAIN | FULL | EMPTY| ALMF | ALME | OVFL | UDFL | DOUT   | RDATA  |
# +----------+-------+-----+----+-----+----+----+--------+--------+------+------+------+------+------+------+--------+--------+
# | DRV      | 7     |  1  | 1  |  0  | 1  | 0  | 0x00   | 0x33   |  0   |   0  |  0   |  0   |  0   |  0   | 0x00   | 0x00   |
# +----------+-------+-----+----+-----+----+----+--------+--------+------+------+------+------+------+------+--------+--------+
# UVM_INFO ../tb/env/reference_model.sv(158) @ 65000: reporter [FIFO_REF] Reference model transaction[7]
# +----------+-------+-----+----+-----+----+----+--------+--------+------+------+------+------+------+------+--------+--------+
# | SRC      | IDX   | RST | CS | REG | WR | RD | ADDR   | DATAIN | FULL | EMPTY| ALMF | ALME | OVFL | UDFL | DOUT   | RDATA  |
# +----------+-------+-----+----+-----+----+----+--------+--------+------+------+------+------+------+------+--------+--------+
# | REF_IN   | 7     |  1  | 1  |  0  | 1  | 0  | 0x00   | 0x33   |  0   |   0  |  0   |  1   |  0   |  0   | 0x00   | 0x00   |
# | REF_OUT  | 7     |  1  | 1  |  0  | 1  | 0  | 0x00   | 0x33   |  0   |   0  |  0   |  1   |  0   |  0   | 0x00   | 0x00   |
# +----------+-------+-----+----+-----+----+----+--------+--------+------+------+------+------+------+------+--------+--------+
# State: old_occ=2 new_occ=3 af=12 ae=4 fill=2 clr_pulse=0
# UVM_INFO ../tb/env/scoreboard.sv(71) @ 65000: uvm_test_top.env_h.scoreboard_h [FIFO_SB_CMP] Scoreboard compare[7]
# +----------+-------+-----+----+-----+----+----+--------+--------+------+------+------+------+------+------+--------+--------+
# | SRC      | IDX   | RST | CS | REG | WR | RD | ADDR   | DATAIN | FULL | EMPTY| ALMF | ALME | OVFL | UDFL | DOUT   | RDATA  |
# +----------+-------+-----+----+-----+----+----+--------+--------+------+------+------+------+------+------+--------+--------+
# | OBS      | 7     |  1  | 1  |  0  | 1  | 0  | 0x00   | 0x33   |  0   |   0  |  0   |  1   |  0   |  0   | 0x00   | 0x00   |
# | EXP      | 7     |  1  | 1  |  0  | 1  | 0  | 0x00   | 0x33   |  0   |   0  |  0   |  1   |  0   |  0   | 0x00   | 0x00   |
# +----------+-------+-----+----+-----+----+----+--------+--------+------+------+------+------+------+------+--------+--------+
# Result: PASS | pass_count=7 fail_count=0
# UVM_INFO ../tb/agent/read_monitor.sv(44) @ 65000: uvm_test_top.env_h.agent_h.monitor_h [FIFO_MON] Monitor transaction[7]
# +----------+-------+-----+----+-----+----+----+--------+--------+------+------+------+------+------+------+--------+--------+
# | SRC      | IDX   | RST | CS | REG | WR | RD | ADDR   | DATAIN | FULL | EMPTY| ALMF | ALME | OVFL | UDFL | DOUT   | RDATA  |
# +----------+-------+-----+----+-----+----+----+--------+--------+------+------+------+------+------+------+--------+--------+
# | MON      | 7     |  1  | 1  |  0  | 1  | 0  | 0x00   | 0x33   |  0   |   0  |  0   |  1   |  0   |  0   | 0x00   | 0x00   |
# +----------+-------+-----+----+-----+----+----+--------+--------+------+------+------+------+------+------+--------+--------+
# UVM_INFO ../tb/agent/write_drv.sv(33) @ 70000: uvm_test_top.env_h.agent_h.driver_h [FIFO_DRV] Driver transaction[8]
# +----------+-------+-----+----+-----+----+----+--------+--------+------+------+------+------+------+------+--------+--------+
# | SRC      | IDX   | RST | CS | REG | WR | RD | ADDR   | DATAIN | FULL | EMPTY| ALMF | ALME | OVFL | UDFL | DOUT   | RDATA  |
# +----------+-------+-----+----+-----+----+----+--------+--------+------+------+------+------+------+------+--------+--------+
# | DRV      | 8     |  1  | 0  |  0  | 0  | 0  | 0x00   | 0x00   |  0   |   0  |  0   |  0   |  0   |  0   | 0x00   | 0x00   |
# +----------+-------+-----+----+-----+----+----+--------+--------+------+------+------+------+------+------+--------+--------+
# UVM_INFO ../tb/env/reference_model.sv(158) @ 75000: reporter [FIFO_REF] Reference model transaction[8]
# +----------+-------+-----+----+-----+----+----+--------+--------+------+------+------+------+------+------+--------+--------+
# | SRC      | IDX   | RST | CS | REG | WR | RD | ADDR   | DATAIN | FULL | EMPTY| ALMF | ALME | OVFL | UDFL | DOUT   | RDATA  |
# +----------+-------+-----+----+-----+----+----+--------+--------+------+------+------+------+------+------+--------+--------+
# | REF_IN   | 8     |  1  | 0  |  0  | 0  | 0  | 0x00   | 0x00   |  0   |   0  |  0   |  1   |  0   |  0   | 0x00   | 0x00   |
# | REF_OUT  | 8     |  1  | 0  |  0  | 0  | 0  | 0x00   | 0x00   |  0   |   0  |  0   |  1   |  0   |  0   | 0x00   | 0x00   |
# +----------+-------+-----+----+-----+----+----+--------+--------+------+------+------+------+------+------+--------+--------+
# State: old_occ=3 new_occ=3 af=12 ae=4 fill=2 clr_pulse=0
# UVM_INFO ../tb/env/scoreboard.sv(71) @ 75000: uvm_test_top.env_h.scoreboard_h [FIFO_SB_CMP] Scoreboard compare[8]
# +----------+-------+-----+----+-----+----+----+--------+--------+------+------+------+------+------+------+--------+--------+
# | SRC      | IDX   | RST | CS | REG | WR | RD | ADDR   | DATAIN | FULL | EMPTY| ALMF | ALME | OVFL | UDFL | DOUT   | RDATA  |
# +----------+-------+-----+----+-----+----+----+--------+--------+------+------+------+------+------+------+--------+--------+
# | OBS      | 8     |  1  | 0  |  0  | 0  | 0  | 0x00   | 0x00   |  0   |   0  |  0   |  1   |  0   |  0   | 0x00   | 0x00   |
# | EXP      | 8     |  1  | 0  |  0  | 0  | 0  | 0x00   | 0x00   |  0   |   0  |  0   |  1   |  0   |  0   | 0x00   | 0x00   |
# +----------+-------+-----+----+-----+----+----+--------+--------+------+------+------+------+------+------+--------+--------+
# Result: PASS | pass_count=8 fail_count=0
# UVM_INFO ../tb/agent/read_monitor.sv(44) @ 75000: uvm_test_top.env_h.agent_h.monitor_h [FIFO_MON] Monitor transaction[8]
# +----------+-------+-----+----+-----+----+----+--------+--------+------+------+------+------+------+------+--------+--------+
# | SRC      | IDX   | RST | CS | REG | WR | RD | ADDR   | DATAIN | FULL | EMPTY| ALMF | ALME | OVFL | UDFL | DOUT   | RDATA  |
# +----------+-------+-----+----+-----+----+----+--------+--------+------+------+------+------+------+------+--------+--------+
# | MON      | 8     |  1  | 0  |  0  | 0  | 0  | 0x00   | 0x00   |  0   |   0  |  0   |  1   |  0   |  0   | 0x00   | 0x00   |
# +----------+-------+-----+----+-----+----+----+--------+--------+------+------+------+------+------+------+--------+--------+
# UVM_INFO ../tb/agent/write_drv.sv(33) @ 80000: uvm_test_top.env_h.agent_h.driver_h [FIFO_DRV] Driver transaction[9]
# +----------+-------+-----+----+-----+----+----+--------+--------+------+------+------+------+------+------+--------+--------+
# | SRC      | IDX   | RST | CS | REG | WR | RD | ADDR   | DATAIN | FULL | EMPTY| ALMF | ALME | OVFL | UDFL | DOUT   | RDATA  |
# +----------+-------+-----+----+-----+----+----+--------+--------+------+------+------+------+------+------+--------+--------+
# | DRV      | 9     |  1  | 0  |  0  | 0  | 0  | 0x00   | 0x00   |  0   |   0  |  0   |  0   |  0   |  0   | 0x00   | 0x00   |
# +----------+-------+-----+----+-----+----+----+--------+--------+------+------+------+------+------+------+--------+--------+
# UVM_INFO ../tb/env/reference_model.sv(158) @ 85000: reporter [FIFO_REF] Reference model transaction[9]
# +----------+-------+-----+----+-----+----+----+--------+--------+------+------+------+------+------+------+--------+--------+
# | SRC      | IDX   | RST | CS | REG | WR | RD | ADDR   | DATAIN | FULL | EMPTY| ALMF | ALME | OVFL | UDFL | DOUT   | RDATA  |
# +----------+-------+-----+----+-----+----+----+--------+--------+------+------+------+------+------+------+--------+--------+
# | REF_IN   | 9     |  1  | 0  |  0  | 0  | 0  | 0x00   | 0x00   |  0   |   0  |  0   |  1   |  0   |  0   | 0x00   | 0x00   |
# | REF_OUT  | 9     |  1  | 0  |  0  | 0  | 0  | 0x00   | 0x00   |  0   |   0  |  0   |  1   |  0   |  0   | 0x00   | 0x00   |
# +----------+-------+-----+----+-----+----+----+--------+--------+------+------+------+------+------+------+--------+--------+
# State: old_occ=3 new_occ=3 af=12 ae=4 fill=2 clr_pulse=0
# UVM_INFO ../tb/env/scoreboard.sv(71) @ 85000: uvm_test_top.env_h.scoreboard_h [FIFO_SB_CMP] Scoreboard compare[9]
# +----------+-------+-----+----+-----+----+----+--------+--------+------+------+------+------+------+------+--------+--------+
# | SRC      | IDX   | RST | CS | REG | WR | RD | ADDR   | DATAIN | FULL | EMPTY| ALMF | ALME | OVFL | UDFL | DOUT   | RDATA  |
# +----------+-------+-----+----+-----+----+----+--------+--------+------+------+------+------+------+------+--------+--------+
# | OBS      | 9     |  1  | 0  |  0  | 0  | 0  | 0x00   | 0x00   |  0   |   0  |  0   |  1   |  0   |  0   | 0x00   | 0x00   |
# | EXP      | 9     |  1  | 0  |  0  | 0  | 0  | 0x00   | 0x00   |  0   |   0  |  0   |  1   |  0   |  0   | 0x00   | 0x00   |
# +----------+-------+-----+----+-----+----+----+--------+--------+------+------+------+------+------+------+--------+--------+
# Result: PASS | pass_count=9 fail_count=0
# UVM_INFO ../tb/agent/read_monitor.sv(44) @ 85000: uvm_test_top.env_h.agent_h.monitor_h [FIFO_MON] Monitor transaction[9]
# +----------+-------+-----+----+-----+----+----+--------+--------+------+------+------+------+------+------+--------+--------+
# | SRC      | IDX   | RST | CS | REG | WR | RD | ADDR   | DATAIN | FULL | EMPTY| ALMF | ALME | OVFL | UDFL | DOUT   | RDATA  |
# +----------+-------+-----+----+-----+----+----+--------+--------+------+------+------+------+------+------+--------+--------+
# | MON      | 9     |  1  | 0  |  0  | 0  | 0  | 0x00   | 0x00   |  0   |   0  |  0   |  1   |  0   |  0   | 0x00   | 0x00   |
# +----------+-------+-----+----+-----+----+----+--------+--------+------+------+------+------+------+------+--------+--------+
# UVM_INFO ../tb/agent/write_drv.sv(33) @ 90000: uvm_test_top.env_h.agent_h.driver_h [FIFO_DRV] Driver transaction[10]
# +----------+-------+-----+----+-----+----+----+--------+--------+------+------+------+------+------+------+--------+--------+
# | SRC      | IDX   | RST | CS | REG | WR | RD | ADDR   | DATAIN | FULL | EMPTY| ALMF | ALME | OVFL | UDFL | DOUT   | RDATA  |
# +----------+-------+-----+----+-----+----+----+--------+--------+------+------+------+------+------+------+--------+--------+
# | DRV      | 10    |  1  | 1  |  0  | 0  | 1  | 0x00   | 0x00   |  0   |   0  |  0   |  0   |  0   |  0   | 0x00   | 0x00   |
# +----------+-------+-----+----+-----+----+----+--------+--------+------+------+------+------+------+------+--------+--------+
# UVM_INFO ../tb/env/reference_model.sv(158) @ 95000: reporter [FIFO_REF] Reference model transaction[10]
# +----------+-------+-----+----+-----+----+----+--------+--------+------+------+------+------+------+------+--------+--------+
# | SRC      | IDX   | RST | CS | REG | WR | RD | ADDR   | DATAIN | FULL | EMPTY| ALMF | ALME | OVFL | UDFL | DOUT   | RDATA  |
# +----------+-------+-----+----+-----+----+----+--------+--------+------+------+------+------+------+------+--------+--------+
# | REF_IN   | 10    |  1  | 1  |  0  | 0  | 1  | 0x00   | 0x00   |  0   |   0  |  0   |  1   |  0   |  0   | 0x11   | 0x00   |
# | REF_OUT  | 10    |  1  | 1  |  0  | 0  | 1  | 0x00   | 0x00   |  0   |   0  |  0   |  1   |  0   |  0   | 0x11   | 0x00   |
# +----------+-------+-----+----+-----+----+----+--------+--------+------+------+------+------+------+------+--------+--------+
# State: old_occ=3 new_occ=2 af=12 ae=4 fill=3 clr_pulse=0
# UVM_INFO ../tb/env/scoreboard.sv(71) @ 95000: uvm_test_top.env_h.scoreboard_h [FIFO_SB_CMP] Scoreboard compare[10]
# +----------+-------+-----+----+-----+----+----+--------+--------+------+------+------+------+------+------+--------+--------+
# | SRC      | IDX   | RST | CS | REG | WR | RD | ADDR   | DATAIN | FULL | EMPTY| ALMF | ALME | OVFL | UDFL | DOUT   | RDATA  |
# +----------+-------+-----+----+-----+----+----+--------+--------+------+------+------+------+------+------+--------+--------+
# | OBS      | 10    |  1  | 1  |  0  | 0  | 1  | 0x00   | 0x00   |  0   |   0  |  0   |  1   |  0   |  0   | 0x11   | 0x00   |
# | EXP      | 10    |  1  | 1  |  0  | 0  | 1  | 0x00   | 0x00   |  0   |   0  |  0   |  1   |  0   |  0   | 0x11   | 0x00   |
# +----------+-------+-----+----+-----+----+----+--------+--------+------+------+------+------+------+------+--------+--------+
# Result: PASS | pass_count=10 fail_count=0
# UVM_INFO ../tb/agent/read_monitor.sv(44) @ 95000: uvm_test_top.env_h.agent_h.monitor_h [FIFO_MON] Monitor transaction[10]
# +----------+-------+-----+----+-----+----+----+--------+--------+------+------+------+------+------+------+--------+--------+
# | SRC      | IDX   | RST | CS | REG | WR | RD | ADDR   | DATAIN | FULL | EMPTY| ALMF | ALME | OVFL | UDFL | DOUT   | RDATA  |
# +----------+-------+-----+----+-----+----+----+--------+--------+------+------+------+------+------+------+--------+--------+
# | MON      | 10    |  1  | 1  |  0  | 0  | 1  | 0x00   | 0x00   |  0   |   0  |  0   |  1   |  0   |  0   | 0x11   | 0x00   |
# +----------+-------+-----+----+-----+----+----+--------+--------+------+------+------+------+------+------+--------+--------+
# UVM_INFO ../tb/agent/write_drv.sv(33) @ 100000: uvm_test_top.env_h.agent_h.driver_h [FIFO_DRV] Driver transaction[11]
# +----------+-------+-----+----+-----+----+----+--------+--------+------+------+------+------+------+------+--------+--------+
# | SRC      | IDX   | RST | CS | REG | WR | RD | ADDR   | DATAIN | FULL | EMPTY| ALMF | ALME | OVFL | UDFL | DOUT   | RDATA  |
# +----------+-------+-----+----+-----+----+----+--------+--------+------+------+------+------+------+------+--------+--------+
# | DRV      | 11    |  1  | 1  |  0  | 0  | 1  | 0x00   | 0x00   |  0   |   0  |  0   |  0   |  0   |  0   | 0x00   | 0x00   |
# +----------+-------+-----+----+-----+----+----+--------+--------+------+------+------+------+------+------+--------+--------+
# UVM_INFO ../tb/env/reference_model.sv(158) @ 105000: reporter [FIFO_REF] Reference model transaction[11]
# +----------+-------+-----+----+-----+----+----+--------+--------+------+------+------+------+------+------+--------+--------+
# | SRC      | IDX   | RST | CS | REG | WR | RD | ADDR   | DATAIN | FULL | EMPTY| ALMF | ALME | OVFL | UDFL | DOUT   | RDATA  |
# +----------+-------+-----+----+-----+----+----+--------+--------+------+------+------+------+------+------+--------+--------+
# | REF_IN   | 11    |  1  | 1  |  0  | 0  | 1  | 0x00   | 0x00   |  0   |   0  |  0   |  1   |  0   |  0   | 0x22   | 0x00   |
# | REF_OUT  | 11    |  1  | 1  |  0  | 0  | 1  | 0x00   | 0x00   |  0   |   0  |  0   |  1   |  0   |  0   | 0x22   | 0x00   |
# +----------+-------+-----+----+-----+----+----+--------+--------+------+------+------+------+------+------+--------+--------+
# State: old_occ=2 new_occ=1 af=12 ae=4 fill=2 clr_pulse=0
# UVM_INFO ../tb/env/scoreboard.sv(71) @ 105000: uvm_test_top.env_h.scoreboard_h [FIFO_SB_CMP] Scoreboard compare[11]
# +----------+-------+-----+----+-----+----+----+--------+--------+------+------+------+------+------+------+--------+--------+
# | SRC      | IDX   | RST | CS | REG | WR | RD | ADDR   | DATAIN | FULL | EMPTY| ALMF | ALME | OVFL | UDFL | DOUT   | RDATA  |
# +----------+-------+-----+----+-----+----+----+--------+--------+------+------+------+------+------+------+--------+--------+
# | OBS      | 11    |  1  | 1  |  0  | 0  | 1  | 0x00   | 0x00   |  0   |   0  |  0   |  1   |  0   |  0   | 0x22   | 0x00   |
# | EXP      | 11    |  1  | 1  |  0  | 0  | 1  | 0x00   | 0x00   |  0   |   0  |  0   |  1   |  0   |  0   | 0x22   | 0x00   |
# +----------+-------+-----+----+-----+----+----+--------+--------+------+------+------+------+------+------+--------+--------+
# Result: PASS | pass_count=11 fail_count=0
# UVM_INFO ../tb/agent/read_monitor.sv(44) @ 105000: uvm_test_top.env_h.agent_h.monitor_h [FIFO_MON] Monitor transaction[11]
# +----------+-------+-----+----+-----+----+----+--------+--------+------+------+------+------+------+------+--------+--------+
# | SRC      | IDX   | RST | CS | REG | WR | RD | ADDR   | DATAIN | FULL | EMPTY| ALMF | ALME | OVFL | UDFL | DOUT   | RDATA  |
# +----------+-------+-----+----+-----+----+----+--------+--------+------+------+------+------+------+------+--------+--------+
# | MON      | 11    |  1  | 1  |  0  | 0  | 1  | 0x00   | 0x00   |  0   |   0  |  0   |  1   |  0   |  0   | 0x22   | 0x00   |
# +----------+-------+-----+----+-----+----+----+--------+--------+------+------+------+------+------+------+--------+--------+
# UVM_INFO ../tb/agent/write_drv.sv(33) @ 110000: uvm_test_top.env_h.agent_h.driver_h [FIFO_DRV] Driver transaction[12]
# +----------+-------+-----+----+-----+----+----+--------+--------+------+------+------+------+------+------+--------+--------+
# | SRC      | IDX   | RST | CS | REG | WR | RD | ADDR   | DATAIN | FULL | EMPTY| ALMF | ALME | OVFL | UDFL | DOUT   | RDATA  |
# +----------+-------+-----+----+-----+----+----+--------+--------+------+------+------+------+------+------+--------+--------+
# | DRV      | 12    |  1  | 1  |  0  | 0  | 1  | 0x00   | 0x00   |  0   |   0  |  0   |  0   |  0   |  0   | 0x00   | 0x00   |
# +----------+-------+-----+----+-----+----+----+--------+--------+------+------+------+------+------+------+--------+--------+
# UVM_INFO ../tb/env/reference_model.sv(158) @ 115000: reporter [FIFO_REF] Reference model transaction[12]
# +----------+-------+-----+----+-----+----+----+--------+--------+------+------+------+------+------+------+--------+--------+
# | SRC      | IDX   | RST | CS | REG | WR | RD | ADDR   | DATAIN | FULL | EMPTY| ALMF | ALME | OVFL | UDFL | DOUT   | RDATA  |
# +----------+-------+-----+----+-----+----+----+--------+--------+------+------+------+------+------+------+--------+--------+
# | REF_IN   | 12    |  1  | 1  |  0  | 0  | 1  | 0x00   | 0x00   |  0   |   1  |  0   |  1   |  0   |  1   | 0x33   | 0x00   |
# | REF_OUT  | 12    |  1  | 1  |  0  | 0  | 1  | 0x00   | 0x00   |  0   |   1  |  0   |  1   |  0   |  1   | 0x33   | 0x00   |
# +----------+-------+-----+----+-----+----+----+--------+--------+------+------+------+------+------+------+--------+--------+
# State: old_occ=1 new_occ=0 af=12 ae=4 fill=1 clr_pulse=0
# UVM_INFO ../tb/env/scoreboard.sv(71) @ 115000: uvm_test_top.env_h.scoreboard_h [FIFO_SB_CMP] Scoreboard compare[12]
# +----------+-------+-----+----+-----+----+----+--------+--------+------+------+------+------+------+------+--------+--------+
# | SRC      | IDX   | RST | CS | REG | WR | RD | ADDR   | DATAIN | FULL | EMPTY| ALMF | ALME | OVFL | UDFL | DOUT   | RDATA  |
# +----------+-------+-----+----+-----+----+----+--------+--------+------+------+------+------+------+------+--------+--------+
# | OBS      | 12    |  1  | 1  |  0  | 0  | 1  | 0x00   | 0x00   |  0   |   1  |  0   |  1   |  0   |  1   | 0x33   | 0x00   |
# | EXP      | 12    |  1  | 1  |  0  | 0  | 1  | 0x00   | 0x00   |  0   |   1  |  0   |  1   |  0   |  1   | 0x33   | 0x00   |
# +----------+-------+-----+----+-----+----+----+--------+--------+------+------+------+------+------+------+--------+--------+
# Result: PASS | pass_count=12 fail_count=0
# UVM_INFO ../tb/agent/read_monitor.sv(44) @ 115000: uvm_test_top.env_h.agent_h.monitor_h [FIFO_MON] Monitor transaction[12]
# +----------+-------+-----+----+-----+----+----+--------+--------+------+------+------+------+------+------+--------+--------+
# | SRC      | IDX   | RST | CS | REG | WR | RD | ADDR   | DATAIN | FULL | EMPTY| ALMF | ALME | OVFL | UDFL | DOUT   | RDATA  |
# +----------+-------+-----+----+-----+----+----+--------+--------+------+------+------+------+------+------+--------+--------+
# | MON      | 12    |  1  | 1  |  0  | 0  | 1  | 0x00   | 0x00   |  0   |   1  |  0   |  1   |  0   |  1   | 0x33   | 0x00   |
# +----------+-------+-----+----+-----+----+----+--------+--------+------+------+------+------+------+------+--------+--------+
# UVM_INFO ../tb/agent/write_drv.sv(33) @ 120000: uvm_test_top.env_h.agent_h.driver_h [FIFO_DRV] Driver transaction[13]
# +----------+-------+-----+----+-----+----+----+--------+--------+------+------+------+------+------+------+--------+--------+
# | SRC      | IDX   | RST | CS | REG | WR | RD | ADDR   | DATAIN | FULL | EMPTY| ALMF | ALME | OVFL | UDFL | DOUT   | RDATA  |
# +----------+-------+-----+----+-----+----+----+--------+--------+------+------+------+------+------+------+--------+--------+
# | DRV      | 13    |  1  | 1  |  0  | 0  | 1  | 0x00   | 0x00   |  0   |   0  |  0   |  0   |  0   |  0   | 0x00   | 0x00   |
# +----------+-------+-----+----+-----+----+----+--------+--------+------+------+------+------+------+------+--------+--------+
# UVM_INFO ../tb/env/reference_model.sv(158) @ 125000: reporter [FIFO_REF] Reference model transaction[13]
# +----------+-------+-----+----+-----+----+----+--------+--------+------+------+------+------+------+------+--------+--------+
# | SRC      | IDX   | RST | CS | REG | WR | RD | ADDR   | DATAIN | FULL | EMPTY| ALMF | ALME | OVFL | UDFL | DOUT   | RDATA  |
# +----------+-------+-----+----+-----+----+----+--------+--------+------+------+------+------+------+------+--------+--------+
# | REF_IN   | 13    |  1  | 1  |  0  | 0  | 1  | 0x00   | 0x00   |  0   |   1  |  0   |  1   |  0   |  1   | 0x33   | 0x00   |
# | REF_OUT  | 13    |  1  | 1  |  0  | 0  | 1  | 0x00   | 0x00   |  0   |   1  |  0   |  1   |  0   |  1   | 0x33   | 0x00   |
# +----------+-------+-----+----+-----+----+----+--------+--------+------+------+------+------+------+------+--------+--------+
# State: old_occ=0 new_occ=0 af=12 ae=4 fill=0 clr_pulse=0
# UVM_INFO ../tb/env/scoreboard.sv(71) @ 125000: uvm_test_top.env_h.scoreboard_h [FIFO_SB_CMP] Scoreboard compare[13]
# +----------+-------+-----+----+-----+----+----+--------+--------+------+------+------+------+------+------+--------+--------+
# | SRC      | IDX   | RST | CS | REG | WR | RD | ADDR   | DATAIN | FULL | EMPTY| ALMF | ALME | OVFL | UDFL | DOUT   | RDATA  |
# +----------+-------+-----+----+-----+----+----+--------+--------+------+------+------+------+------+------+--------+--------+
# | OBS      | 13    |  1  | 1  |  0  | 0  | 1  | 0x00   | 0x00   |  0   |   1  |  0   |  1   |  0   |  1   | 0x33   | 0x00   |
# | EXP      | 13    |  1  | 1  |  0  | 0  | 1  | 0x00   | 0x00   |  0   |   1  |  0   |  1   |  0   |  1   | 0x33   | 0x00   |
# +----------+-------+-----+----+-----+----+----+--------+--------+------+------+------+------+------+------+--------+--------+
# Result: PASS | pass_count=13 fail_count=0
# UVM_INFO ../tb/agent/read_monitor.sv(44) @ 125000: uvm_test_top.env_h.agent_h.monitor_h [FIFO_MON] Monitor transaction[13]
# +----------+-------+-----+----+-----+----+----+--------+--------+------+------+------+------+------+------+--------+--------+
# | SRC      | IDX   | RST | CS | REG | WR | RD | ADDR   | DATAIN | FULL | EMPTY| ALMF | ALME | OVFL | UDFL | DOUT   | RDATA  |
# +----------+-------+-----+----+-----+----+----+--------+--------+------+------+------+------+------+------+--------+--------+
# | MON      | 13    |  1  | 1  |  0  | 0  | 1  | 0x00   | 0x00   |  0   |   1  |  0   |  1   |  0   |  1   | 0x33   | 0x00   |
# +----------+-------+-----+----+-----+----+----+--------+--------+------+------+------+------+------+------+--------+--------+
# UVM_INFO ../tb/agent/write_drv.sv(33) @ 130000: uvm_test_top.env_h.agent_h.driver_h [FIFO_DRV] Driver transaction[14]
# +----------+-------+-----+----+-----+----+----+--------+--------+------+------+------+------+------+------+--------+--------+
# | SRC      | IDX   | RST | CS | REG | WR | RD | ADDR   | DATAIN | FULL | EMPTY| ALMF | ALME | OVFL | UDFL | DOUT   | RDATA  |
# +----------+-------+-----+----+-----+----+----+--------+--------+------+------+------+------+------+------+--------+--------+
# | DRV      | 14    |  1  | 0  |  0  | 0  | 0  | 0x00   | 0x00   |  0   |   0  |  0   |  0   |  0   |  0   | 0x00   | 0x00   |
# +----------+-------+-----+----+-----+----+----+--------+--------+------+------+------+------+------+------+--------+--------+
# UVM_INFO ../tb/env/reference_model.sv(158) @ 135000: reporter [FIFO_REF] Reference model transaction[14]
# +----------+-------+-----+----+-----+----+----+--------+--------+------+------+------+------+------+------+--------+--------+
# | SRC      | IDX   | RST | CS | REG | WR | RD | ADDR   | DATAIN | FULL | EMPTY| ALMF | ALME | OVFL | UDFL | DOUT   | RDATA  |
# +----------+-------+-----+----+-----+----+----+--------+--------+------+------+------+------+------+------+--------+--------+
# | REF_IN   | 14    |  1  | 0  |  0  | 0  | 0  | 0x00   | 0x00   |  0   |   1  |  0   |  1   |  0   |  0   | 0x33   | 0x00   |
# | REF_OUT  | 14    |  1  | 0  |  0  | 0  | 0  | 0x00   | 0x00   |  0   |   1  |  0   |  1   |  0   |  0   | 0x33   | 0x00   |
# +----------+-------+-----+----+-----+----+----+--------+--------+------+------+------+------+------+------+--------+--------+
# State: old_occ=0 new_occ=0 af=12 ae=4 fill=0 clr_pulse=0
# UVM_INFO ../tb/env/scoreboard.sv(71) @ 135000: uvm_test_top.env_h.scoreboard_h [FIFO_SB_CMP] Scoreboard compare[14]
# +----------+-------+-----+----+-----+----+----+--------+--------+------+------+------+------+------+------+--------+--------+
# | SRC      | IDX   | RST | CS | REG | WR | RD | ADDR   | DATAIN | FULL | EMPTY| ALMF | ALME | OVFL | UDFL | DOUT   | RDATA  |
# +----------+-------+-----+----+-----+----+----+--------+--------+------+------+------+------+------+------+--------+--------+
# | OBS      | 14    |  1  | 0  |  0  | 0  | 0  | 0x00   | 0x00   |  0   |   1  |  0   |  1   |  0   |  0   | 0x33   | 0x00   |
# | EXP      | 14    |  1  | 0  |  0  | 0  | 0  | 0x00   | 0x00   |  0   |   1  |  0   |  1   |  0   |  0   | 0x33   | 0x00   |
# +----------+-------+-----+----+-----+----+----+--------+--------+------+------+------+------+------+------+--------+--------+
# Result: PASS | pass_count=14 fail_count=0
# UVM_INFO ../tb/agent/read_monitor.sv(44) @ 135000: uvm_test_top.env_h.agent_h.monitor_h [FIFO_MON] Monitor transaction[14]
# +----------+-------+-----+----+-----+----+----+--------+--------+------+------+------+------+------+------+--------+--------+
# | SRC      | IDX   | RST | CS | REG | WR | RD | ADDR   | DATAIN | FULL | EMPTY| ALMF | ALME | OVFL | UDFL | DOUT   | RDATA  |
# +----------+-------+-----+----+-----+----+----+--------+--------+------+------+------+------+------+------+--------+--------+
# | MON      | 14    |  1  | 0  |  0  | 0  | 0  | 0x00   | 0x00   |  0   |   1  |  0   |  1   |  0   |  0   | 0x33   | 0x00   |
# +----------+-------+-----+----+-----+----+----+--------+--------+------+------+------+------+------+------+--------+--------+
# UVM_INFO ../tb/agent/write_drv.sv(33) @ 140000: uvm_test_top.env_h.agent_h.driver_h [FIFO_DRV] Driver transaction[15]
# +----------+-------+-----+----+-----+----+----+--------+--------+------+------+------+------+------+------+--------+--------+
# | SRC      | IDX   | RST | CS | REG | WR | RD | ADDR   | DATAIN | FULL | EMPTY| ALMF | ALME | OVFL | UDFL | DOUT   | RDATA  |
# +----------+-------+-----+----+-----+----+----+--------+--------+------+------+------+------+------+------+--------+--------+
# | DRV      | 15    |  1  | 0  |  0  | 0  | 0  | 0x00   | 0x00   |  0   |   0  |  0   |  0   |  0   |  0   | 0x00   | 0x00   |
# +----------+-------+-----+----+-----+----+----+--------+--------+------+------+------+------+------+------+--------+--------+
# UVM_INFO verilog_src/uvm-1.2/src/base/uvm_objection.svh(1270) @ 140000: reporter [TEST_DONE] 'run' phase is ready to proceed to the 'extract' phase
# UVM_INFO ../tb/env/scoreboard.sv(89) @ 140000: uvm_test_top.env_h.scoreboard_h [fifo_scoreboard] Scoreboard checked 14 samples with no mismatches. pass_count=14 fail_count=0
# UVM_INFO verilog_src/uvm-1.2/src/base/uvm_report_server.svh(847) @ 140000: reporter [UVM/REPORT/SERVER] 
# --- UVM Report Summary ---
# 
# ** Report counts by severity
# UVM_INFO :   63
# UVM_WARNING :    0
# UVM_ERROR :    0
# UVM_FATAL :    0
# ** Report counts by id
# [FIFO_DRV]    15
# [FIFO_MON]    14
# [FIFO_REF]    14
# [FIFO_SB_CMP]    14
# [Questa UVM]     2
# [RNTST]     1
# [TEST_DONE]     1
# [UVM/RELNOTES]     1
# [fifo_scoreboard]     1
# 
# ** Note: $finish    : C:/questasim64_10.7c/win64/../verilog_src/uvm-1.2/src/base/uvm_root.svh(517)
#    Time: 140 ns  Iteration: 76  Instance: /top
# Saving coverage database on exit...
# End time: 15:40:16 on Apr 22,2026, Elapsed time: 0:00:09
# Errors: 0, Warnings: 0
